------------------------------------------------------------
Timing Analyzer Summary
------------------------------------------------------------

Type  : Slow 1200mV 85C Model Setup 'ov7670_pclk'
Slack : -4.127
TNS   : -1897.517

Type  : Slow 1200mV 85C Model Setup 'clk_50'
Slack : 12.825
TNS   : 0.000

Type  : Slow 1200mV 85C Model Setup 'Inst_vga_pll|altpll_component|auto_generated|pll1|clk[0]'
Slack : 14.639
TNS   : 0.000

Type  : Slow 1200mV 85C Model Setup 'Inst_vga_pll|altpll_component|auto_generated|pll1|clk[1]'
Slack : 21.677
TNS   : 0.000

Type  : Slow 1200mV 85C Model Hold 'clk_50'
Slack : 0.401
TNS   : 0.000

Type  : Slow 1200mV 85C Model Hold 'Inst_vga_pll|altpll_component|auto_generated|pll1|clk[0]'
Slack : 0.404
TNS   : 0.000

Type  : Slow 1200mV 85C Model Hold 'Inst_vga_pll|altpll_component|auto_generated|pll1|clk[1]'
Slack : 0.404
TNS   : 0.000

Type  : Slow 1200mV 85C Model Hold 'ov7670_pclk'
Slack : 0.440
TNS   : 0.000

Type  : Slow 1200mV 85C Model Recovery 'clk_50'
Slack : 17.495
TNS   : 0.000

Type  : Slow 1200mV 85C Model Removal 'clk_50'
Slack : 1.380
TNS   : 0.000

Type  : Slow 1200mV 85C Model Minimum Pulse Width 'ov7670_pclk'
Slack : -3.000
TNS   : -1634.079

Type  : Slow 1200mV 85C Model Minimum Pulse Width 'clk_50'
Slack : 9.685
TNS   : 0.000

Type  : Slow 1200mV 85C Model Minimum Pulse Width 'Inst_vga_pll|altpll_component|auto_generated|pll1|clk[0]'
Slack : 9.707
TNS   : 0.000

Type  : Slow 1200mV 85C Model Minimum Pulse Width 'Inst_vga_pll|altpll_component|auto_generated|pll1|clk[1]'
Slack : 19.709
TNS   : 0.000

Type  : Slow 1200mV 0C Model Setup 'ov7670_pclk'
Slack : -3.735
TNS   : -1672.535

Type  : Slow 1200mV 0C Model Setup 'clk_50'
Slack : 13.216
TNS   : 0.000

Type  : Slow 1200mV 0C Model Setup 'Inst_vga_pll|altpll_component|auto_generated|pll1|clk[0]'
Slack : 15.103
TNS   : 0.000

Type  : Slow 1200mV 0C Model Setup 'Inst_vga_pll|altpll_component|auto_generated|pll1|clk[1]'
Slack : 23.159
TNS   : 0.000

Type  : Slow 1200mV 0C Model Hold 'clk_50'
Slack : 0.353
TNS   : 0.000

Type  : Slow 1200mV 0C Model Hold 'Inst_vga_pll|altpll_component|auto_generated|pll1|clk[0]'
Slack : 0.355
TNS   : 0.000

Type  : Slow 1200mV 0C Model Hold 'Inst_vga_pll|altpll_component|auto_generated|pll1|clk[1]'
Slack : 0.356
TNS   : 0.000

Type  : Slow 1200mV 0C Model Hold 'ov7670_pclk'
Slack : 0.387
TNS   : 0.000

Type  : Slow 1200mV 0C Model Recovery 'clk_50'
Slack : 17.720
TNS   : 0.000

Type  : Slow 1200mV 0C Model Removal 'clk_50'
Slack : 1.273
TNS   : 0.000

Type  : Slow 1200mV 0C Model Minimum Pulse Width 'ov7670_pclk'
Slack : -3.000
TNS   : -1591.789

Type  : Slow 1200mV 0C Model Minimum Pulse Width 'clk_50'
Slack : 9.691
TNS   : 0.000

Type  : Slow 1200mV 0C Model Minimum Pulse Width 'Inst_vga_pll|altpll_component|auto_generated|pll1|clk[0]'
Slack : 9.709
TNS   : 0.000

Type  : Slow 1200mV 0C Model Minimum Pulse Width 'Inst_vga_pll|altpll_component|auto_generated|pll1|clk[1]'
Slack : 19.709
TNS   : 0.000

Type  : Fast 1200mV 0C Model Setup 'ov7670_pclk'
Slack : -1.599
TNS   : -702.907

Type  : Fast 1200mV 0C Model Setup 'clk_50'
Slack : 16.037
TNS   : 0.000

Type  : Fast 1200mV 0C Model Setup 'Inst_vga_pll|altpll_component|auto_generated|pll1|clk[0]'
Slack : 17.412
TNS   : 0.000

Type  : Fast 1200mV 0C Model Setup 'Inst_vga_pll|altpll_component|auto_generated|pll1|clk[1]'
Slack : 30.853
TNS   : 0.000

Type  : Fast 1200mV 0C Model Hold 'clk_50'
Slack : 0.180
TNS   : 0.000

Type  : Fast 1200mV 0C Model Hold 'Inst_vga_pll|altpll_component|auto_generated|pll1|clk[0]'
Slack : 0.183
TNS   : 0.000

Type  : Fast 1200mV 0C Model Hold 'Inst_vga_pll|altpll_component|auto_generated|pll1|clk[1]'
Slack : 0.183
TNS   : 0.000

Type  : Fast 1200mV 0C Model Hold 'ov7670_pclk'
Slack : 0.185
TNS   : 0.000

Type  : Fast 1200mV 0C Model Recovery 'clk_50'
Slack : 18.686
TNS   : 0.000

Type  : Fast 1200mV 0C Model Removal 'clk_50'
Slack : 0.651
TNS   : 0.000

Type  : Fast 1200mV 0C Model Minimum Pulse Width 'ov7670_pclk'
Slack : -3.000
TNS   : -960.356

Type  : Fast 1200mV 0C Model Minimum Pulse Width 'clk_50'
Slack : 9.266
TNS   : 0.000

Type  : Fast 1200mV 0C Model Minimum Pulse Width 'Inst_vga_pll|altpll_component|auto_generated|pll1|clk[0]'
Slack : 9.780
TNS   : 0.000

Type  : Fast 1200mV 0C Model Minimum Pulse Width 'Inst_vga_pll|altpll_component|auto_generated|pll1|clk[1]'
Slack : 19.752
TNS   : 0.000

------------------------------------------------------------
